// Jest Snapshot v1, https://goo.gl/fbAQLP

exports[`create should save to the db 1`] = `undefined`;
